../Core/Src/main.c:63:6:settimer_Led	16	static
../Core/Src/main.c:67:6:Led_run	4	static
../Core/Src/main.c:75:6:settimer_7SEG	16	static
../Core/Src/main.c:79:6:seg7_run	4	static
../Core/Src/main.c:87:6:Led_Timer_2	8	static
../Core/Src/main.c:98:6:SEG7_Timer_1	8	static
../Core/Src/main.c:131:6:HAL_TIM_PeriodElapsedCallback	16	static
../Core/Src/main.c:135:6:display7SEG	16	static
../Core/Src/main.c:174:5:main	8	static
../Core/Src/main.c:217:6:SystemClock_Config	72	static
../Core/Src/main.c:254:13:MX_TIM2_Init	32	static
../Core/Src/main.c:299:13:MX_GPIO_Init	32	static
../Core/Src/main.c:340:6:Error_Handler	4	static,ignoring_inline_asm
